---
source: tests/snapshot.rs
assertion_line: 105
expression: stdout_of(&out)?
---
# reader v0.7.0 — Agent 原生文档阅读、搜索和提取工具
PDF 按页；markdown 与 anydoc 家族（Word/EPUB/ODT/RTF/Office/CSV）按标题节；图片单图即单页；只读文本层；缩写 rr 同入口。命令表自活 clap 树渲染（零手维护）；细节契约见下，渐进深入走 --help。

## 子命令

| 命令 | 说明 | 特有旗标 |
|---|---|---|
| search <文件或目录> <关键词或正则> | 按页/节搜索文档文本（命中退出 0，无命中退出 1，出错退出 2）；目录输入递归批量搜 | --regex -i / --ignore-case -C / --context <N> --pages <范围> --ocr --offline |
| extract <文件> | 按页/节提取文档文本（默认输出到 stdout） | --pages <范围> -o / --out <文件> --offset <N> --limit <M> --ocr --offline |
| figures <文件> | 提取图片本体并与文本元数据对齐（PDF 按页渲染 PNG、markdown 图片引用、Office 家族内嵌件、图片文件；有图退出 0，无图 1，出错 2） | --pages <范围> -o / --out <目录> |
| export <文件> | 一键完整提取：文本、图片与对齐元数据落一个目录（D47）；导出目录可直接 search 二次复用 | --pages <范围> -o / --out <目录> --ocr --offline |
| query <文件> <mq表达式> | 用 mq 表达式结构化提取文档（jq 风格：.h2 标题、.code 代码块、.link 链接、select 管道；命中退出 0，无命中退出 1，出错退出 2） |  |
| self update | 升级到最新正式版（已最新时明示；--force 同版本重装） | --force |
| ocr init | 下载/修复模型进缓存（镜像 到 HF 到 GitHub 三级回退；缺省档位取 env > switch 设置 > tiny） | --size <tiny或small> --offline |
| ocr doctor | 诊断本地 OCR 模型就位情况（只读；退出码 0 为当前档双包完整，1 为有缺损） |  |
| ocr switch <tiny或small> | 切换模型档位并持久化（env READER_OCR_MODEL_SIZE 优先于本设置） |  |
| issue new <标题> | 一键提交缺陷反馈（自动带 tool=reader、版本、平台、主机名；每 IP 10 条/时；成功 0 / 出错 2） | --body <正文> |
| issue list | 集中列表（新到旧；有行 0 / 空 1 / 出错 2） | --tool <名> --status <open或closed> --limit <N> |
| issue show <编号> | 单条详情（存在 0 / 不存在 1 / 出错 2） |  |

## 通用旗标

- --llms：本手册（agent 说明书；markdown 紧凑手册）；--llms --json 出机器形态 JSON
- --format <text|json>：输出形态（text 行式缺省；json 包膜）
- --filter <路径>：裁剪 JSON data 点路径（如 hits[].text；仅 --format json）

## 常用例

```bash
reader search ./doc.pdf "error" -i -C 1
reader extract ./scan.pdf --ocr --format json --limit 5
reader query ./README.md ".h2"
reader figures ./report.docx --format json --filter 'figures[].caption'
reader export ./paper.pdf
reader issue new "缺陷标题" --body "现象与复现"
```

## 退出码与输出契约

- 退出码：0 成功或命中 / 1 无命中（search；issue list 空、show 不存在同）/ 2 出错（stderr 人读行；--format json 时 stdout 另出错误包膜）
- 裸调用：无参运行出帮助面（stdout 全貌形，含 --llms 指引），退出 0，不弹交互
- json 包膜：{"ok":bool,"data":...,"meta":{command,duration_ms[,next_offset,cta]}}
- text 行式：命中行 单元:行号:文本；extract 节头 == page N == / == section N == / == part N ==（超 200 行单元按行分片）；目录批量命中行前缀 路径:
- figures 行式：figure: kind | 锚 | 图题或- | 落盘路径 | 字节数B；export 摘要行：export: text/pages/figures/manifest <路径>
- issue 行式：new 回执行 issue: filed #<id> <url>；list 行 #<id> <status> <tool> <version> <created> <标题>；show 头行 issue: #<id> [<status>] <tool> <version> 加字段行与 body
- ocr 子命令行式：ocr_init: / ocr_doctor: / ocr_switch: 前缀、ASCII token 前置（ok / missing / corrupt / download mirror|huggingface|github / verdict）；doctor 退出码 0 双包完整 / 1 有缺损
- env：READER_MIRROR（镜像基址）、READER_OCR_CACHE_DIR、READER_OCR_MODEL_SIZE、READER_ISSUES_API（issue 基址）、GH_TOKEN（self update 配额）
- 不可靠页：扫描件、编码问题页与图片以 needs_ocr 提示；--ocr 对 PDF 与图片兜底识别（首用下载约 6.2MB 模型，多核约 1-5 秒/页）；--offline 禁下载
