---
source: tests/snapshot.rs
assertion_line: 95
expression: stdout_of(&out)?
---
reader v0.3.0 — Agent 原生文档阅读、搜索和提取工具（PDF 按页；markdown(.md) 与 Word/EPUB/ODT/RTF/Office/CSV 按标题节，只读文本层；缩写 rr 同入口）
reader search <文件|目录> <关键词> [--regex] [-i|--ignore-case] [-C|--context N] [--pages 范围] [--format text|json] [--filter 路径] [--ocr] [--offline]
reader extract <文件> [--pages 范围] [-o|--out 文件] [--format text|json] [--filter 路径] [--offset N] [--limit M] [--ocr] [--offline]
reader query <文件> <mq表达式> [--format text|json] [--filter 路径] — mq 结构化提取（.h2/.code/.link/select 管道；全格式面转 markdown 后查询）
reader skill — 输出 SKILL.md（本索引的长形态，含输出契约与示例）
reader self update [--force] — 自升级（GitHub Releases 最新正式版，资产 sha256 digest 校验后替换自身与兄弟二进制；GH_TOKEN 注入认证，限流回退 gh api）
reader --llms — 本索引
退出码: 0 成功或命中 / 1 无命中（仅 search） / 2 出错（stderr 人读行；--format json 时 stdout 另出错误包膜）
输出 text: 命中行 单元:行号:文本；上下文 单元-行号-文本；extract 节头 == page N ==、== section N == 或 == part N ==（超 200 行单元按行分片）；目录批量模式命中行前缀 路径:
输出 json: {"ok":bool,"data":...,"meta":{command,duration_ms[,next_offset,cta]}}；--filter 点路径裁剪 data（如 hits[].text）
不可靠页: 扫描件或编码问题页以 needs_ocr 提示（extract 节头后提示行，search 走 stderr）；--ocr 对 PDF 单文件兜底识别（首用下载约 6.2MB 模型，多核并行约 1-5 秒/页（PP-OCRv6 tiny，P0018）；--offline 禁下载）
